Copyright 1986-2022 Xilinx, Inc. All Rights Reserved. Copyright 2022-2026 Advanced Micro Devices, Inc. All Rights Reserved.
---------------------------------------------------------------------------------------------------------------------------------------------
| Tool Version : Vivado v.2025.2.1 (lin64) Build 6403652 Thu Mar 19 13:47:00 MDT 2026
| Date         : Fri Oct  9 01:30:31 2026
| Host         : HomeLab-Latitude-3410 running 64-bit CachyOS
| Command      : report_clock_utilization -file top_boolean_clock_utilization_routed.rpt
| Design       : top_boolean
| Device       : 7s50-csga324
| Speed File   : -1  PRODUCTION 1.23 2018-06-13
| Design State : Routed
---------------------------------------------------------------------------------------------------------------------------------------------

Clock Utilization Report

Table of Contents
-----------------
1. Clock Primitive Utilization
2. Global Clock Resources
3. Global Clock Source Details
4. Clock Regions: Key Resource Utilization
5. Clock Regions : Global Clock Summary
6. Device Cell Placement Summary for Global Clock g0
7. Device Cell Placement Summary for Global Clock g1
8. Device Cell Placement Summary for Global Clock g2
9. Device Cell Placement Summary for Global Clock g3
10. Clock Region Cell Placement per Global Clock: Region X0Y0
11. Clock Region Cell Placement per Global Clock: Region X1Y0
12. Clock Region Cell Placement per Global Clock: Region X0Y1
13. Clock Region Cell Placement per Global Clock: Region X1Y1

1. Clock Primitive Utilization
------------------------------

+----------+------+-----------+-----+--------------+--------+
| Type     | Used | Available | LOC | Clock Region | Pblock |
+----------+------+-----------+-----+--------------+--------+
| BUFGCTRL |    4 |        32 |   0 |            0 |      0 |
| BUFH     |    0 |        72 |   0 |            0 |      0 |
| BUFIO    |    0 |        20 |   0 |            0 |      0 |
| BUFMR    |    0 |        10 |   0 |            0 |      0 |
| BUFR     |    0 |        20 |   0 |            0 |      0 |
| MMCM     |    0 |         5 |   0 |            0 |      0 |
| PLL      |    1 |         5 |   0 |            0 |      0 |
+----------+------+-----------+-----+--------------+--------+


2. Global Clock Resources
-------------------------

+-----------+-----------+-----------------+------------+----------------+--------------+-------------------+-------------+-----------------+--------------+--------------+----------------------------------------------------------------------------------------------------+-------------------------------------------------------------------------+
| Global Id | Source Id | Driver Type/Pin | Constraint | Site           | Clock Region | Load Clock Region | Clock Loads | Non-Clock Loads | Clock Period | Clock        | Driver Pin                                                                                         | Net                                                                     |
+-----------+-----------+-----------------+------------+----------------+--------------+-------------------+-------------+-----------------+--------------+--------------+----------------------------------------------------------------------------------------------------+-------------------------------------------------------------------------+
| g0        | src0      | BUFG/O          | None       | BUFGCTRL_X0Y16 | n/a          |                 5 |        3608 |               0 |       20.000 | clk_50_unbuf | clkgen/clk_50_bufg/O                                                                               | clkgen/clk_sys                                                          |
| g1        | src0      | BUFGCTRL/O      | None       | BUFGCTRL_X0Y17 | n/a          |                 2 |        1382 |               0 |       20.000 | clk_50_unbuf | u_ibex_demo_system/u_top/core_clock_gate_i/gen_xilinx.u_impl_xilinx/gen_gate.gen_bufgce.u_bufgce/O | u_ibex_demo_system/u_top/core_clock_gate_i/gen_xilinx.u_impl_xilinx/clk |
| g1        | src1      | BUFGCTRL/O      | None       | BUFGCTRL_X0Y17 | n/a          |                 2 |        1382 |               0 |       20.000 | clk_50_unbuf | u_ibex_demo_system/u_top/core_clock_gate_i/gen_xilinx.u_impl_xilinx/gen_gate.gen_bufgce.u_bufgce/O | u_ibex_demo_system/u_top/core_clock_gate_i/gen_xilinx.u_impl_xilinx/clk |
| g2        | src2      | BUFG/O          | None       | BUFGCTRL_X0Y0  | n/a          |                 3 |         165 |               0 |              |              | gen_xilinx.u_impl_xilinx_i_1__0/O                                                                  | gen_dm_top.u_dm_top/dap/tck                                             |
| g3        | src3      | BUFG/O          | None       | BUFGCTRL_X0Y18 | n/a          |                 1 |           1 |               0 |       10.000 | clk_fb_unbuf | clkgen/clk_fb_bufg/O                                                                               | clkgen/clk_fb_buf                                                       |
+-----------+-----------+-----------------+------------+----------------+--------------+-------------------+-------------+-----------------+--------------+--------------+----------------------------------------------------------------------------------------------------+-------------------------------------------------------------------------+
* Clock Loads column represents cell count of net connects that connect to a clock pin. Internal cell leaf pins are not considered
** Non-Clock Loads column represents cell count of non-clock pin loads


3. Global Clock Source Details
------------------------------

+-----------+-----------+--------------------+------------+----------------+--------------+-------------+-----------------+---------------------+--------------+---------------------------------------------------------------------------+---------------------------------------------------------------------------+
| Source Id | Global Id | Driver Type/Pin    | Constraint | Site           | Clock Region | Clock Loads | Non-Clock Loads | Source Clock Period | Source Clock | Driver Pin                                                                | Net                                                                       |
+-----------+-----------+--------------------+------------+----------------+--------------+-------------+-----------------+---------------------+--------------+---------------------------------------------------------------------------+---------------------------------------------------------------------------+
| src0      | g0        | PLLE2_ADV/CLKOUT0  | None       | PLLE2_ADV_X0Y1 | X0Y1         |           1 |               0 |              20.000 | clk_50_unbuf | clkgen/pll/CLKOUT0                                                        | clkgen/clk_50_unbuf                                                       |
| src0      | g1        | BUFG/O             | None       | BUFGCTRL_X0Y16 | n/a          |        3608 |               0 |              20.000 | clk_50_unbuf | clkgen/clk_50_bufg/O                                                      | clkgen/clk_sys                                                            |
| src1      | g1        | VCC/P              | None       |                | n/a          |           0 |               0 |                     |              | u_ibex_demo_system/u_top/core_clock_gate_i/gen_xilinx.u_impl_xilinx/VCC/P | u_ibex_demo_system/u_top/core_clock_gate_i/gen_xilinx.u_impl_xilinx/VCC_1 |
| src2      | g2        | BSCANE2/TCK        | None       | BSCAN_X0Y2     | X0Y0         |           1 |               0 |                     |              | u_ibex_demo_system/gen_dm_top.u_dm_top/dap/i_dmi_jtag_tap/i_tap_dtmcs/TCK | u_ibex_demo_system/gen_dm_top.u_dm_top/dap/i_dmi_jtag_tap/tck_o           |
| src3      | g3        | PLLE2_ADV/CLKFBOUT | None       | PLLE2_ADV_X0Y1 | X0Y1         |           1 |               0 |              10.000 | clk_fb_unbuf | clkgen/pll/CLKFBOUT                                                       | clkgen/clk_fb_unbuf                                                       |
+-----------+-----------+--------------------+------------+----------------+--------------+-------------+-----------------+---------------------+--------------+---------------------------------------------------------------------------+---------------------------------------------------------------------------+
* Clock Loads column represents cell count of net connects that connect to a clock pin. Internal cell leaf pins are not considered
** Non-Clock Loads column represents cell count of non-clock pin loads


4. Clock Regions: Key Resource Utilization
------------------------------------------

+-------------------+--------------+--------------+--------------+--------------+--------------+--------------+--------------+--------------+--------------+--------------+--------------+--------------+--------------+--------------+--------------+
|                   | Global Clock |     BUFRs    |    BUFMRs    |    BUFIOs    |     MMCM     |      PLL     |      GT      |      PCI     |    ILOGIC    |    OLOGIC    |      FF      |     LUTM     |    RAMB18    |    RAMB36    |    DSP48E2   |
+-------------------+------+-------+------+-------+------+-------+------+-------+------+-------+------+-------+------+-------+------+-------+------+-------+------+-------+------+-------+------+-------+------+-------+------+-------+------+-------+
| Clock Region Name | Used | Avail | Used | Avail | Used | Avail | Used | Avail | Used | Avail | Used | Avail | Used | Avail | Used | Avail | Used | Avail | Used | Avail | Used | Avail | Used | Avail | Used | Avail | Used | Avail | Used | Avail |
+-------------------+------+-------+------+-------+------+-------+------+-------+------+-------+------+-------+------+-------+------+-------+------+-------+------+-------+------+-------+------+-------+------+-------+------+-------+------+-------+
| X0Y0              |    3 |    12 |    0 |     4 |    0 |     2 |    0 |     4 |    0 |     1 |    0 |     1 |    0 |     0 |    0 |     0 |    0 |    50 |    0 |    50 |  893 |  1200 |  270 |   400 |    0 |    20 |    7 |    10 |    0 |    20 |
| X1Y0              |    2 |    12 |    0 |     4 |    0 |     2 |    0 |     4 |    0 |     1 |    0 |     1 |    0 |     0 |    0 |     0 |    0 |    50 |    0 |    50 | 2597 |  1500 |  860 |   450 |    0 |    40 |   19 |    20 |    0 |    20 |
| X0Y1              |    3 |    12 |    0 |     4 |    0 |     2 |    0 |     4 |    0 |     1 |    1 |     1 |    0 |     0 |    0 |     0 |    0 |    50 |    0 |    50 |  204 |  1200 |   49 |   400 |    0 |    20 |    3 |    10 |    0 |    20 |
| X1Y1              |    2 |    12 |    0 |     4 |    0 |     2 |    0 |     4 |    0 |     1 |    0 |     1 |    0 |     0 |    0 |     0 |    0 |    50 |    0 |    50 | 1414 |  1500 |  462 |   450 |    0 |    40 |    3 |    20 |    0 |    20 |
| X0Y2              |    0 |    12 |    0 |     4 |    0 |     2 |    0 |     4 |    0 |     1 |    0 |     1 |    0 |     0 |    0 |     0 |    0 |    50 |    0 |    50 |    0 |  1800 |    0 |   400 |    0 |    20 |    0 |    10 |    0 |    20 |
| X1Y2              |    0 |    12 |    0 |     0 |    0 |     0 |    0 |     0 |    0 |     0 |    0 |     0 |    0 |     4 |    0 |     1 |    0 |     0 |    0 |     0 |    0 |   950 |    0 |   300 |    0 |    10 |    0 |     5 |    0 |    20 |
+-------------------+------+-------+------+-------+------+-------+------+-------+------+-------+------+-------+------+-------+------+-------+------+-------+------+-------+------+-------+------+-------+------+-------+------+-------+------+-------+
* Global Clock column represents track count; while other columns represents cell counts


5. Clock Regions : Global Clock Summary
---------------------------------------

All Modules
+----+----+----+
|    | X0 | X1 |
+----+----+----+
| Y2 |  0 |  0 |
| Y1 |  0 |  0 |
| Y0 |  0 |  0 |
+----+----+----+


6. Device Cell Placement Summary for Global Clock g0
----------------------------------------------------

+-----------+-----------------+-------------------+--------------+-------------+----------------+-------------+----------+----------------+----------+----------------+
| Global Id | Driver Type/Pin | Driver Region (D) | Clock        | Period (ns) | Waveform (ns)  | Slice Loads | IO Loads | Clocking Loads | GT Loads | Net            |
+-----------+-----------------+-------------------+--------------+-------------+----------------+-------------+----------+----------------+----------+----------------+
| g0        | BUFG/O          | n/a               | clk_50_unbuf |      20.000 | {0.000 10.000} |        3607 |        0 |              1 |        0 | clkgen/clk_sys |
+-----------+-----------------+-------------------+--------------+-------------+----------------+-------------+----------+----------------+----------+----------------+
* Slice Loads column represents load cell count of all cell types other than IO, GT and clock resources
** IO Loads column represents load cell count of IO types
*** Clocking Loads column represents load cell count that are clock resources (global clock buffer, MMCM, PLL, etc)
**** GT Loads column represents load cell count of GT types


+----+------+-------+-----------------------+
|    | X0   | X1    | HORIZONTAL PROG DELAY |
+----+------+-------+-----------------------+
| Y2 |    0 |     0 |                     - |
| Y1 |   93 |  1369 |                     0 |
| Y0 |  620 |  1525 |                     0 |
+----+------+-------+-----------------------+


7. Device Cell Placement Summary for Global Clock g1
----------------------------------------------------

+-----------+-----------------+-------------------+--------------+-------------+----------------+-------------+----------+----------------+----------+-------------------------------------------------------------------------+
| Global Id | Driver Type/Pin | Driver Region (D) | Clock        | Period (ns) | Waveform (ns)  | Slice Loads | IO Loads | Clocking Loads | GT Loads | Net                                                                     |
+-----------+-----------------+-------------------+--------------+-------------+----------------+-------------+----------+----------------+----------+-------------------------------------------------------------------------+
| g1        | BUFGCTRL/O      | n/a               | clk_50_unbuf |      20.000 | {0.000 10.000} |        1368 |        0 |              0 |        0 | u_ibex_demo_system/u_top/core_clock_gate_i/gen_xilinx.u_impl_xilinx/clk |
+-----------+-----------------+-------------------+--------------+-------------+----------------+-------------+----------+----------------+----------+-------------------------------------------------------------------------+
* Slice Loads column represents load cell count of all cell types other than IO, GT and clock resources
** IO Loads column represents load cell count of IO types
*** Clocking Loads column represents load cell count that are clock resources (global clock buffer, MMCM, PLL, etc)
**** GT Loads column represents load cell count of GT types


+----+------+-------+-----------------------+
|    | X0   | X1    | HORIZONTAL PROG DELAY |
+----+------+-------+-----------------------+
| Y2 |    0 |     0 |                     - |
| Y1 |    0 |     0 |                     - |
| Y0 |  277 |  1091 |                     0 |
+----+------+-------+-----------------------+


8. Device Cell Placement Summary for Global Clock g2
----------------------------------------------------

+-----------+-----------------+-------------------+-------+-------------+---------------+-------------+----------+----------------+----------+-----------------------------+
| Global Id | Driver Type/Pin | Driver Region (D) | Clock | Period (ns) | Waveform (ns) | Slice Loads | IO Loads | Clocking Loads | GT Loads | Net                         |
+-----------+-----------------+-------------------+-------+-------------+---------------+-------------+----------+----------------+----------+-----------------------------+
| g2        | BUFG/O          | n/a               |       |             |               |         165 |        0 |              0 |        0 | gen_dm_top.u_dm_top/dap/tck |
+-----------+-----------------+-------------------+-------+-------------+---------------+-------------+----------+----------------+----------+-----------------------------+
* Slice Loads column represents load cell count of all cell types other than IO, GT and clock resources
** IO Loads column represents load cell count of IO types
*** Clocking Loads column represents load cell count that are clock resources (global clock buffer, MMCM, PLL, etc)
**** GT Loads column represents load cell count of GT types


+----+------+-----+-----------------------+
|    | X0   | X1  | HORIZONTAL PROG DELAY |
+----+------+-----+-----------------------+
| Y2 |    0 |   0 |                     - |
| Y1 |  114 |  48 |                     0 |
| Y0 |    3 |   0 |                     0 |
+----+------+-----+-----------------------+


9. Device Cell Placement Summary for Global Clock g3
----------------------------------------------------

+-----------+-----------------+-------------------+--------------+-------------+---------------+-------------+----------+----------------+----------+-------------------+
| Global Id | Driver Type/Pin | Driver Region (D) | Clock        | Period (ns) | Waveform (ns) | Slice Loads | IO Loads | Clocking Loads | GT Loads | Net               |
+-----------+-----------------+-------------------+--------------+-------------+---------------+-------------+----------+----------------+----------+-------------------+
| g3        | BUFG/O          | n/a               | clk_fb_unbuf |      10.000 | {0.000 5.000} |           0 |        0 |              1 |        0 | clkgen/clk_fb_buf |
+-----------+-----------------+-------------------+--------------+-------------+---------------+-------------+----------+----------------+----------+-------------------+
* Slice Loads column represents load cell count of all cell types other than IO, GT and clock resources
** IO Loads column represents load cell count of IO types
*** Clocking Loads column represents load cell count that are clock resources (global clock buffer, MMCM, PLL, etc)
**** GT Loads column represents load cell count of GT types


+----+----+----+-----------------------+
|    | X0 | X1 | HORIZONTAL PROG DELAY |
+----+----+----+-----------------------+
| Y2 |  0 |  0 |                     - |
| Y1 |  1 |  0 |                     0 |
| Y0 |  0 |  0 |                     - |
+----+----+----+-----------------------+


10. Clock Region Cell Placement per Global Clock: Region X0Y0
-------------------------------------------------------------

+-----------+-------+-----------------+------------+-------------+-----------------+-----+-------------+------+-----+----+------+-----+---------+-------------------------------------------------------------------------+
| Global Id | Track | Driver Type/Pin | Constraint | Clock Loads | Non-Clock Loads | FF  | Memory LUTs | RAMB | DSP | GT | MMCM | PLL | Hard IP | Net                                                                     |
+-----------+-------+-----------------+------------+-------------+-----------------+-----+-------------+------+-----+----+------+-----+---------+-------------------------------------------------------------------------+
| g0        | n/a   | BUFG/O          | None       |         620 |               0 | 613 |           0 |    7 |   0 |  0 |    0 |   0 |       0 | clkgen/clk_sys                                                          |
| g1        | n/a   | BUFGCTRL/O      | None       |         277 |               0 | 277 |           0 |    0 |   0 |  0 |    0 |   0 |       0 | u_ibex_demo_system/u_top/core_clock_gate_i/gen_xilinx.u_impl_xilinx/clk |
| g2        | n/a   | BUFG/O          | None       |           3 |               0 |   3 |           0 |    0 |   0 |  0 |    0 |   0 |       0 | gen_dm_top.u_dm_top/dap/tck                                             |
+-----------+-------+-----------------+------------+-------------+-----------------+-----+-------------+------+-----+----+------+-----+---------+-------------------------------------------------------------------------+
* Clock Loads column represents cell count of net connects that connect to a clock pin. Internal cell leaf pins are not considered
** Non-Clock Loads column represents cell count of non-clock pin loads
*** Columns FF, LUTRAM, RAMB through 'Hard IP' represents load cell counts


11. Clock Region Cell Placement per Global Clock: Region X1Y0
-------------------------------------------------------------

+-----------+-------+-----------------+------------+-------------+-----------------+------+-------------+------+-----+----+------+-----+---------+-------------------------------------------------------------------------+
| Global Id | Track | Driver Type/Pin | Constraint | Clock Loads | Non-Clock Loads | FF   | Memory LUTs | RAMB | DSP | GT | MMCM | PLL | Hard IP | Net                                                                     |
+-----------+-------+-----------------+------------+-------------+-----------------+------+-------------+------+-----+----+------+-----+---------+-------------------------------------------------------------------------+
| g0        | n/a   | BUFG/O          | None       |        1525 |               0 | 1506 |           0 |   19 |   0 |  0 |    0 |   0 |       0 | clkgen/clk_sys                                                          |
| g1        | n/a   | BUFGCTRL/O      | None       |        1091 |               0 | 1091 |           0 |    0 |   0 |  0 |    0 |   0 |       0 | u_ibex_demo_system/u_top/core_clock_gate_i/gen_xilinx.u_impl_xilinx/clk |
+-----------+-------+-----------------+------------+-------------+-----------------+------+-------------+------+-----+----+------+-----+---------+-------------------------------------------------------------------------+
* Clock Loads column represents cell count of net connects that connect to a clock pin. Internal cell leaf pins are not considered
** Non-Clock Loads column represents cell count of non-clock pin loads
*** Columns FF, LUTRAM, RAMB through 'Hard IP' represents load cell counts


12. Clock Region Cell Placement per Global Clock: Region X0Y1
-------------------------------------------------------------

+-----------+-------+-----------------+------------+-------------+-----------------+-----+-------------+------+-----+----+------+-----+---------+-----------------------------+
| Global Id | Track | Driver Type/Pin | Constraint | Clock Loads | Non-Clock Loads | FF  | Memory LUTs | RAMB | DSP | GT | MMCM | PLL | Hard IP | Net                         |
+-----------+-------+-----------------+------------+-------------+-----------------+-----+-------------+------+-----+----+------+-----+---------+-----------------------------+
| g0        | n/a   | BUFG/O          | None       |          93 |               0 |  90 |           0 |    3 |   0 |  0 |    0 |   0 |       0 | clkgen/clk_sys              |
| g2        | n/a   | BUFG/O          | None       |         114 |               0 | 114 |           0 |    0 |   0 |  0 |    0 |   0 |       0 | gen_dm_top.u_dm_top/dap/tck |
| g3        | n/a   | BUFG/O          | None       |           1 |               0 |   0 |           0 |    0 |   0 |  0 |    0 |   1 |       0 | clkgen/clk_fb_buf           |
+-----------+-------+-----------------+------------+-------------+-----------------+-----+-------------+------+-----+----+------+-----+---------+-----------------------------+
* Clock Loads column represents cell count of net connects that connect to a clock pin. Internal cell leaf pins are not considered
** Non-Clock Loads column represents cell count of non-clock pin loads
*** Columns FF, LUTRAM, RAMB through 'Hard IP' represents load cell counts


13. Clock Region Cell Placement per Global Clock: Region X1Y1
-------------------------------------------------------------

+-----------+-------+-----------------+------------+-------------+-----------------+------+-------------+------+-----+----+------+-----+---------+-----------------------------+
| Global Id | Track | Driver Type/Pin | Constraint | Clock Loads | Non-Clock Loads | FF   | Memory LUTs | RAMB | DSP | GT | MMCM | PLL | Hard IP | Net                         |
+-----------+-------+-----------------+------------+-------------+-----------------+------+-------------+------+-----+----+------+-----+---------+-----------------------------+
| g0        | n/a   | BUFG/O          | None       |        1369 |               0 | 1366 |           0 |    3 |   0 |  0 |    0 |   0 |       0 | clkgen/clk_sys              |
| g2        | n/a   | BUFG/O          | None       |          48 |               0 |   48 |           0 |    0 |   0 |  0 |    0 |   0 |       0 | gen_dm_top.u_dm_top/dap/tck |
+-----------+-------+-----------------+------------+-------------+-----------------+------+-------------+------+-----+----+------+-----+---------+-----------------------------+
* Clock Loads column represents cell count of net connects that connect to a clock pin. Internal cell leaf pins are not considered
** Non-Clock Loads column represents cell count of non-clock pin loads
*** Columns FF, LUTRAM, RAMB through 'Hard IP' represents load cell counts



# Location of BUFG Primitives 
set_property LOC BUFGCTRL_X0Y17 [get_cells u_ibex_demo_system/u_top/core_clock_gate_i/gen_xilinx.u_impl_xilinx/gen_gate.gen_bufgce.u_bufgce]
set_property LOC BUFGCTRL_X0Y0 [get_cells gen_xilinx.u_impl_xilinx_i_1__0]
set_property LOC BUFGCTRL_X0Y16 [get_cells clkgen/clk_50_bufg]
set_property LOC BUFGCTRL_X0Y18 [get_cells clkgen/clk_fb_bufg]

# Location of IO Primitives which is load of clock spine

# Location of clock ports
set_property LOC IOB_X0Y74 [get_ports IO_CLK]

# Clock net "u_ibex_demo_system/u_top/core_clock_gate_i/gen_xilinx.u_impl_xilinx/clk" driven by instance "u_ibex_demo_system/u_top/core_clock_gate_i/gen_xilinx.u_impl_xilinx/gen_gate.gen_bufgce.u_bufgce" located at site "BUFGCTRL_X0Y17"
#startgroup
create_pblock {CLKAG_u_ibex_demo_system/u_top/core_clock_gate_i/gen_xilinx.u_impl_xilinx/clk}
add_cells_to_pblock [get_pblocks  {CLKAG_u_ibex_demo_system/u_top/core_clock_gate_i/gen_xilinx.u_impl_xilinx/clk}] [get_cells -filter { PRIMITIVE_GROUP != I/O && IS_PRIMITIVE==1 && PRIMITIVE_LEVEL !=INTERNAL } -of_object [get_pins -filter {DIRECTION==IN} -of_objects [get_nets -hierarchical -filter {PARENT=="u_ibex_demo_system/u_top/core_clock_gate_i/gen_xilinx.u_impl_xilinx/clk"}]]]
resize_pblock [get_pblocks {CLKAG_u_ibex_demo_system/u_top/core_clock_gate_i/gen_xilinx.u_impl_xilinx/clk}] -add {CLOCKREGION_X0Y0:CLOCKREGION_X0Y0 CLOCKREGION_X1Y0:CLOCKREGION_X1Y0}
#endgroup

# Clock net "gen_dm_top.u_dm_top/dap/tck" driven by instance "gen_xilinx.u_impl_xilinx_i_1__0" located at site "BUFGCTRL_X0Y0"
#startgroup
create_pblock {CLKAG_gen_dm_top.u_dm_top/dap/tck}
add_cells_to_pblock [get_pblocks  {CLKAG_gen_dm_top.u_dm_top/dap/tck}] [get_cells -filter { PRIMITIVE_GROUP != I/O && IS_PRIMITIVE==1 && PRIMITIVE_LEVEL !=INTERNAL } -of_object [get_pins -filter {DIRECTION==IN} -of_objects [get_nets -hierarchical -filter {PARENT=="gen_dm_top.u_dm_top/dap/tck"}]]]
resize_pblock [get_pblocks {CLKAG_gen_dm_top.u_dm_top/dap/tck}] -add {CLOCKREGION_X0Y0:CLOCKREGION_X0Y0 CLOCKREGION_X0Y1:CLOCKREGION_X0Y1 CLOCKREGION_X1Y1:CLOCKREGION_X1Y1}
#endgroup

# Clock net "clkgen/clk_sys" driven by instance "clkgen/clk_50_bufg" located at site "BUFGCTRL_X0Y16"
#startgroup
create_pblock {CLKAG_clkgen/clk_sys}
add_cells_to_pblock [get_pblocks  {CLKAG_clkgen/clk_sys}] [get_cells -filter { PRIMITIVE_GROUP != I/O && IS_PRIMITIVE==1 && PRIMITIVE_LEVEL !=INTERNAL && NAME!=u_ibex_demo_system/u_top/core_clock_gate_i/gen_xilinx.u_impl_xilinx/gen_gate.gen_bufgce.u_bufgce} -of_object [get_pins -filter {DIRECTION==IN} -of_objects [get_nets -hierarchical -filter {PARENT=="clkgen/clk_sys"}]]]
resize_pblock [get_pblocks {CLKAG_clkgen/clk_sys}] -add {CLOCKREGION_X0Y0:CLOCKREGION_X0Y0 CLOCKREGION_X0Y1:CLOCKREGION_X0Y1 CLOCKREGION_X1Y0:CLOCKREGION_X1Y0 CLOCKREGION_X1Y1:CLOCKREGION_X1Y1}
#endgroup
