Copyright 1986-2022 Xilinx, Inc. All Rights Reserved. Copyright 2022-2026 Advanced Micro Devices, Inc. All Rights Reserved.
---------------------------------------------------------------------------------------------------------------------------------------------
| Tool Version : Vivado v.2025.2.1 (lin64) Build 6403652 Thu Mar 19 13:47:00 MDT 2026
| Date         : Fri Oct  9 01:30:19 2026
| Host         : HomeLab-Latitude-3410 running 64-bit CachyOS
| Command      : report_drc -file top_boolean_drc_routed.rpt -pb top_boolean_drc_routed.pb -rpx top_boolean_drc_routed.rpx
| Design       : top_boolean
| Device       : xc7s50csga324-1
| Speed File   : -1
| Design State : Fully Routed
---------------------------------------------------------------------------------------------------------------------------------------------

Report DRC

Table of Contents
-----------------
1. REPORT SUMMARY
2. REPORT DETAILS

1. REPORT SUMMARY
-----------------
            Netlist: netlist
          Floorplan: design_1
      Design limits: <entire design considered>
           Ruledeck: default
             Max checks: <unlimited>
             Checks found: 51
+-----------+----------+----------------------------+--------+
| Rule      | Severity | Description                | Checks |
+-----------+----------+----------------------------+--------+
| CHECK-3   | Warning  | Report rule limit reached  | 1      |
| DPIP-1    | Warning  | Input pipelining           | 30     |
| REQP-1839 | Warning  | RAMB36 async control check | 20     |
+-----------+----------+----------------------------+--------+

2. REPORT DETAILS
-----------------
CHECK-3#1 Warning
Report rule limit reached  
REQP-1839 rule limit reached: 20 violations have been found.
Related violations: <none>

DPIP-1#1 Warning
Input pipelining  
DSP u_ibex_demo_system/u_top/u_ibex_core/cs_registers_i/gen_cntrs[0].gen_imp.mcounters_variable_i/counter_upd input u_ibex_demo_system/u_top/u_ibex_core/cs_registers_i/gen_cntrs[0].gen_imp.mcounters_variable_i/counter_upd/A[29:0] is not pipelined. Pipelining DSP48 input will improve performance.
Related violations: <none>

DPIP-1#2 Warning
Input pipelining  
DSP u_ibex_demo_system/u_top/u_ibex_core/cs_registers_i/gen_cntrs[0].gen_imp.mcounters_variable_i/counter_upd input u_ibex_demo_system/u_top/u_ibex_core/cs_registers_i/gen_cntrs[0].gen_imp.mcounters_variable_i/counter_upd/B[17:0] is not pipelined. Pipelining DSP48 input will improve performance.
Related violations: <none>

DPIP-1#3 Warning
Input pipelining  
DSP u_ibex_demo_system/u_top/u_ibex_core/cs_registers_i/gen_cntrs[0].gen_imp.mcounters_variable_i/counter_upd input u_ibex_demo_system/u_top/u_ibex_core/cs_registers_i/gen_cntrs[0].gen_imp.mcounters_variable_i/counter_upd/C[47:0] is not pipelined. Pipelining DSP48 input will improve performance.
Related violations: <none>

DPIP-1#4 Warning
Input pipelining  
DSP u_ibex_demo_system/u_top/u_ibex_core/cs_registers_i/gen_cntrs[1].gen_imp.mcounters_variable_i/counter_upd input u_ibex_demo_system/u_top/u_ibex_core/cs_registers_i/gen_cntrs[1].gen_imp.mcounters_variable_i/counter_upd/A[29:0] is not pipelined. Pipelining DSP48 input will improve performance.
Related violations: <none>

DPIP-1#5 Warning
Input pipelining  
DSP u_ibex_demo_system/u_top/u_ibex_core/cs_registers_i/gen_cntrs[1].gen_imp.mcounters_variable_i/counter_upd input u_ibex_demo_system/u_top/u_ibex_core/cs_registers_i/gen_cntrs[1].gen_imp.mcounters_variable_i/counter_upd/B[17:0] is not pipelined. Pipelining DSP48 input will improve performance.
Related violations: <none>

DPIP-1#6 Warning
Input pipelining  
DSP u_ibex_demo_system/u_top/u_ibex_core/cs_registers_i/gen_cntrs[1].gen_imp.mcounters_variable_i/counter_upd input u_ibex_demo_system/u_top/u_ibex_core/cs_registers_i/gen_cntrs[1].gen_imp.mcounters_variable_i/counter_upd/C[47:0] is not pipelined. Pipelining DSP48 input will improve performance.
Related violations: <none>

DPIP-1#7 Warning
Input pipelining  
DSP u_ibex_demo_system/u_top/u_ibex_core/cs_registers_i/gen_cntrs[2].gen_imp.mcounters_variable_i/counter_upd input u_ibex_demo_system/u_top/u_ibex_core/cs_registers_i/gen_cntrs[2].gen_imp.mcounters_variable_i/counter_upd/A[29:0] is not pipelined. Pipelining DSP48 input will improve performance.
Related violations: <none>

DPIP-1#8 Warning
Input pipelining  
DSP u_ibex_demo_system/u_top/u_ibex_core/cs_registers_i/gen_cntrs[2].gen_imp.mcounters_variable_i/counter_upd input u_ibex_demo_system/u_top/u_ibex_core/cs_registers_i/gen_cntrs[2].gen_imp.mcounters_variable_i/counter_upd/B[17:0] is not pipelined. Pipelining DSP48 input will improve performance.
Related violations: <none>

DPIP-1#9 Warning
Input pipelining  
DSP u_ibex_demo_system/u_top/u_ibex_core/cs_registers_i/gen_cntrs[2].gen_imp.mcounters_variable_i/counter_upd input u_ibex_demo_system/u_top/u_ibex_core/cs_registers_i/gen_cntrs[2].gen_imp.mcounters_variable_i/counter_upd/C[47:0] is not pipelined. Pipelining DSP48 input will improve performance.
Related violations: <none>

DPIP-1#10 Warning
Input pipelining  
DSP u_ibex_demo_system/u_top/u_ibex_core/cs_registers_i/gen_cntrs[3].gen_imp.mcounters_variable_i/counter_upd input u_ibex_demo_system/u_top/u_ibex_core/cs_registers_i/gen_cntrs[3].gen_imp.mcounters_variable_i/counter_upd/A[29:0] is not pipelined. Pipelining DSP48 input will improve performance.
Related violations: <none>

DPIP-1#11 Warning
Input pipelining  
DSP u_ibex_demo_system/u_top/u_ibex_core/cs_registers_i/gen_cntrs[3].gen_imp.mcounters_variable_i/counter_upd input u_ibex_demo_system/u_top/u_ibex_core/cs_registers_i/gen_cntrs[3].gen_imp.mcounters_variable_i/counter_upd/B[17:0] is not pipelined. Pipelining DSP48 input will improve performance.
Related violations: <none>

DPIP-1#12 Warning
Input pipelining  
DSP u_ibex_demo_system/u_top/u_ibex_core/cs_registers_i/gen_cntrs[3].gen_imp.mcounters_variable_i/counter_upd input u_ibex_demo_system/u_top/u_ibex_core/cs_registers_i/gen_cntrs[3].gen_imp.mcounters_variable_i/counter_upd/C[47:0] is not pipelined. Pipelining DSP48 input will improve performance.
Related violations: <none>

DPIP-1#13 Warning
Input pipelining  
DSP u_ibex_demo_system/u_top/u_ibex_core/cs_registers_i/gen_cntrs[4].gen_imp.mcounters_variable_i/counter_upd input u_ibex_demo_system/u_top/u_ibex_core/cs_registers_i/gen_cntrs[4].gen_imp.mcounters_variable_i/counter_upd/A[29:0] is not pipelined. Pipelining DSP48 input will improve performance.
Related violations: <none>

DPIP-1#14 Warning
Input pipelining  
DSP u_ibex_demo_system/u_top/u_ibex_core/cs_registers_i/gen_cntrs[4].gen_imp.mcounters_variable_i/counter_upd input u_ibex_demo_system/u_top/u_ibex_core/cs_registers_i/gen_cntrs[4].gen_imp.mcounters_variable_i/counter_upd/B[17:0] is not pipelined. Pipelining DSP48 input will improve performance.
Related violations: <none>

DPIP-1#15 Warning
Input pipelining  
DSP u_ibex_demo_system/u_top/u_ibex_core/cs_registers_i/gen_cntrs[4].gen_imp.mcounters_variable_i/counter_upd input u_ibex_demo_system/u_top/u_ibex_core/cs_registers_i/gen_cntrs[4].gen_imp.mcounters_variable_i/counter_upd/C[47:0] is not pipelined. Pipelining DSP48 input will improve performance.
Related violations: <none>

DPIP-1#16 Warning
Input pipelining  
DSP u_ibex_demo_system/u_top/u_ibex_core/cs_registers_i/gen_cntrs[5].gen_imp.mcounters_variable_i/counter_upd input u_ibex_demo_system/u_top/u_ibex_core/cs_registers_i/gen_cntrs[5].gen_imp.mcounters_variable_i/counter_upd/A[29:0] is not pipelined. Pipelining DSP48 input will improve performance.
Related violations: <none>

DPIP-1#17 Warning
Input pipelining  
DSP u_ibex_demo_system/u_top/u_ibex_core/cs_registers_i/gen_cntrs[5].gen_imp.mcounters_variable_i/counter_upd input u_ibex_demo_system/u_top/u_ibex_core/cs_registers_i/gen_cntrs[5].gen_imp.mcounters_variable_i/counter_upd/B[17:0] is not pipelined. Pipelining DSP48 input will improve performance.
Related violations: <none>

DPIP-1#18 Warning
Input pipelining  
DSP u_ibex_demo_system/u_top/u_ibex_core/cs_registers_i/gen_cntrs[5].gen_imp.mcounters_variable_i/counter_upd input u_ibex_demo_system/u_top/u_ibex_core/cs_registers_i/gen_cntrs[5].gen_imp.mcounters_variable_i/counter_upd/C[47:0] is not pipelined. Pipelining DSP48 input will improve performance.
Related violations: <none>

DPIP-1#19 Warning
Input pipelining  
DSP u_ibex_demo_system/u_top/u_ibex_core/cs_registers_i/gen_cntrs[6].gen_imp.mcounters_variable_i/counter_upd input u_ibex_demo_system/u_top/u_ibex_core/cs_registers_i/gen_cntrs[6].gen_imp.mcounters_variable_i/counter_upd/A[29:0] is not pipelined. Pipelining DSP48 input will improve performance.
Related violations: <none>

DPIP-1#20 Warning
Input pipelining  
DSP u_ibex_demo_system/u_top/u_ibex_core/cs_registers_i/gen_cntrs[6].gen_imp.mcounters_variable_i/counter_upd input u_ibex_demo_system/u_top/u_ibex_core/cs_registers_i/gen_cntrs[6].gen_imp.mcounters_variable_i/counter_upd/B[17:0] is not pipelined. Pipelining DSP48 input will improve performance.
Related violations: <none>

DPIP-1#21 Warning
Input pipelining  
DSP u_ibex_demo_system/u_top/u_ibex_core/cs_registers_i/gen_cntrs[6].gen_imp.mcounters_variable_i/counter_upd input u_ibex_demo_system/u_top/u_ibex_core/cs_registers_i/gen_cntrs[6].gen_imp.mcounters_variable_i/counter_upd/C[47:0] is not pipelined. Pipelining DSP48 input will improve performance.
Related violations: <none>

DPIP-1#22 Warning
Input pipelining  
DSP u_ibex_demo_system/u_top/u_ibex_core/cs_registers_i/gen_cntrs[8].gen_imp.mcounters_variable_i/counter_upd input u_ibex_demo_system/u_top/u_ibex_core/cs_registers_i/gen_cntrs[8].gen_imp.mcounters_variable_i/counter_upd/A[29:0] is not pipelined. Pipelining DSP48 input will improve performance.
Related violations: <none>

DPIP-1#23 Warning
Input pipelining  
DSP u_ibex_demo_system/u_top/u_ibex_core/cs_registers_i/gen_cntrs[8].gen_imp.mcounters_variable_i/counter_upd input u_ibex_demo_system/u_top/u_ibex_core/cs_registers_i/gen_cntrs[8].gen_imp.mcounters_variable_i/counter_upd/B[17:0] is not pipelined. Pipelining DSP48 input will improve performance.
Related violations: <none>

DPIP-1#24 Warning
Input pipelining  
DSP u_ibex_demo_system/u_top/u_ibex_core/cs_registers_i/gen_cntrs[8].gen_imp.mcounters_variable_i/counter_upd input u_ibex_demo_system/u_top/u_ibex_core/cs_registers_i/gen_cntrs[8].gen_imp.mcounters_variable_i/counter_upd/C[47:0] is not pipelined. Pipelining DSP48 input will improve performance.
Related violations: <none>

DPIP-1#25 Warning
Input pipelining  
DSP u_ibex_demo_system/u_top/u_ibex_core/cs_registers_i/gen_cntrs[9].gen_imp.mcounters_variable_i/counter_upd input u_ibex_demo_system/u_top/u_ibex_core/cs_registers_i/gen_cntrs[9].gen_imp.mcounters_variable_i/counter_upd/A[29:0] is not pipelined. Pipelining DSP48 input will improve performance.
Related violations: <none>

DPIP-1#26 Warning
Input pipelining  
DSP u_ibex_demo_system/u_top/u_ibex_core/cs_registers_i/gen_cntrs[9].gen_imp.mcounters_variable_i/counter_upd input u_ibex_demo_system/u_top/u_ibex_core/cs_registers_i/gen_cntrs[9].gen_imp.mcounters_variable_i/counter_upd/B[17:0] is not pipelined. Pipelining DSP48 input will improve performance.
Related violations: <none>

DPIP-1#27 Warning
Input pipelining  
DSP u_ibex_demo_system/u_top/u_ibex_core/cs_registers_i/gen_cntrs[9].gen_imp.mcounters_variable_i/counter_upd input u_ibex_demo_system/u_top/u_ibex_core/cs_registers_i/gen_cntrs[9].gen_imp.mcounters_variable_i/counter_upd/C[47:0] is not pipelined. Pipelining DSP48 input will improve performance.
Related violations: <none>

DPIP-1#28 Warning
Input pipelining  
DSP u_ibex_demo_system/u_top/u_ibex_core/ex_block_i/gen_multdiv_fast.multdiv_i/mac_res_signed input u_ibex_demo_system/u_top/u_ibex_core/ex_block_i/gen_multdiv_fast.multdiv_i/mac_res_signed/A[29:0] is not pipelined. Pipelining DSP48 input will improve performance.
Related violations: <none>

DPIP-1#29 Warning
Input pipelining  
DSP u_ibex_demo_system/u_top/u_ibex_core/ex_block_i/gen_multdiv_fast.multdiv_i/mac_res_signed input u_ibex_demo_system/u_top/u_ibex_core/ex_block_i/gen_multdiv_fast.multdiv_i/mac_res_signed/B[17:0] is not pipelined. Pipelining DSP48 input will improve performance.
Related violations: <none>

DPIP-1#30 Warning
Input pipelining  
DSP u_ibex_demo_system/u_top/u_ibex_core/ex_block_i/gen_multdiv_fast.multdiv_i/mac_res_signed input u_ibex_demo_system/u_top/u_ibex_core/ex_block_i/gen_multdiv_fast.multdiv_i/mac_res_signed/C[47:0] is not pipelined. Pipelining DSP48 input will improve performance.
Related violations: <none>

REQP-1839#1 Warning
RAMB36 async control check  
The RAMB36E1 u_ibex_demo_system/u_ram/u_ram/gen_generic.u_impl_generic/mem_reg_0_0_0 has an input control pin u_ibex_demo_system/u_ram/u_ram/gen_generic.u_impl_generic/mem_reg_0_0_0/ADDRARDADDR[14] (net: u_ibex_demo_system/u_ram/u_ram/gen_generic.u_impl_generic/ADDRARDADDR[14]) which is driven by a register (u_ibex_demo_system/u_top/u_ibex_core/cs_registers_i/priv_lvl_q_reg[0]) that has an active asychronous set or reset. This may cause corruption of the memory contents and/or read values when the set/reset is asserted and is not analyzed by the default static timing analysis. It is suggested to eliminate the use of a set/reset to registers driving this RAMB pin or else use a synchronous reset in which the assertion of the reset is timed by default.
Related violations: <none>

REQP-1839#2 Warning
RAMB36 async control check  
The RAMB36E1 u_ibex_demo_system/u_ram/u_ram/gen_generic.u_impl_generic/mem_reg_0_0_0 has an input control pin u_ibex_demo_system/u_ram/u_ram/gen_generic.u_impl_generic/mem_reg_0_0_0/ADDRARDADDR[14] (net: u_ibex_demo_system/u_ram/u_ram/gen_generic.u_impl_generic/ADDRARDADDR[14]) which is driven by a register (u_ibex_demo_system/u_top/u_ibex_core/cs_registers_i/priv_lvl_q_reg[1]) that has an active asychronous set or reset. This may cause corruption of the memory contents and/or read values when the set/reset is asserted and is not analyzed by the default static timing analysis. It is suggested to eliminate the use of a set/reset to registers driving this RAMB pin or else use a synchronous reset in which the assertion of the reset is timed by default.
Related violations: <none>

REQP-1839#3 Warning
RAMB36 async control check  
The RAMB36E1 u_ibex_demo_system/u_ram/u_ram/gen_generic.u_impl_generic/mem_reg_0_0_0 has an input control pin u_ibex_demo_system/u_ram/u_ram/gen_generic.u_impl_generic/mem_reg_0_0_0/ADDRARDADDR[14] (net: u_ibex_demo_system/u_ram/u_ram/gen_generic.u_impl_generic/ADDRARDADDR[14]) which is driven by a register (u_ibex_demo_system/u_top/u_ibex_core/cs_registers_i/u_dcsr_csr/rdata_q_reg[12]) that has an active asychronous set or reset. This may cause corruption of the memory contents and/or read values when the set/reset is asserted and is not analyzed by the default static timing analysis. It is suggested to eliminate the use of a set/reset to registers driving this RAMB pin or else use a synchronous reset in which the assertion of the reset is timed by default.
Related violations: <none>

REQP-1839#4 Warning
RAMB36 async control check  
The RAMB36E1 u_ibex_demo_system/u_ram/u_ram/gen_generic.u_impl_generic/mem_reg_0_0_0 has an input control pin u_ibex_demo_system/u_ram/u_ram/gen_generic.u_impl_generic/mem_reg_0_0_0/ADDRARDADDR[14] (net: u_ibex_demo_system/u_ram/u_ram/gen_generic.u_impl_generic/ADDRARDADDR[14]) which is driven by a register (u_ibex_demo_system/u_top/u_ibex_core/cs_registers_i/u_dcsr_csr/rdata_q_reg[15]) that has an active asychronous set or reset. This may cause corruption of the memory contents and/or read values when the set/reset is asserted and is not analyzed by the default static timing analysis. It is suggested to eliminate the use of a set/reset to registers driving this RAMB pin or else use a synchronous reset in which the assertion of the reset is timed by default.
Related violations: <none>

REQP-1839#5 Warning
RAMB36 async control check  
The RAMB36E1 u_ibex_demo_system/u_ram/u_ram/gen_generic.u_impl_generic/mem_reg_0_0_0 has an input control pin u_ibex_demo_system/u_ram/u_ram/gen_generic.u_impl_generic/mem_reg_0_0_0/ADDRARDADDR[14] (net: u_ibex_demo_system/u_ram/u_ram/gen_generic.u_impl_generic/ADDRARDADDR[14]) which is driven by a register (u_ibex_demo_system/u_top/u_ibex_core/cs_registers_i/u_dcsr_csr/rdata_q_reg[2]) that has an active asychronous set or reset. This may cause corruption of the memory contents and/or read values when the set/reset is asserted and is not analyzed by the default static timing analysis. It is suggested to eliminate the use of a set/reset to registers driving this RAMB pin or else use a synchronous reset in which the assertion of the reset is timed by default.
Related violations: <none>

REQP-1839#6 Warning
RAMB36 async control check  
The RAMB36E1 u_ibex_demo_system/u_ram/u_ram/gen_generic.u_impl_generic/mem_reg_0_0_0 has an input control pin u_ibex_demo_system/u_ram/u_ram/gen_generic.u_impl_generic/mem_reg_0_0_0/ADDRARDADDR[14] (net: u_ibex_demo_system/u_ram/u_ram/gen_generic.u_impl_generic/ADDRARDADDR[14]) which is driven by a register (u_ibex_demo_system/u_top/u_ibex_core/cs_registers_i/u_depc_csr/rdata_q_reg[16]) that has an active asychronous set or reset. This may cause corruption of the memory contents and/or read values when the set/reset is asserted and is not analyzed by the default static timing analysis. It is suggested to eliminate the use of a set/reset to registers driving this RAMB pin or else use a synchronous reset in which the assertion of the reset is timed by default.
Related violations: <none>

REQP-1839#7 Warning
RAMB36 async control check  
The RAMB36E1 u_ibex_demo_system/u_ram/u_ram/gen_generic.u_impl_generic/mem_reg_0_0_0 has an input control pin u_ibex_demo_system/u_ram/u_ram/gen_generic.u_impl_generic/mem_reg_0_0_0/ADDRARDADDR[14] (net: u_ibex_demo_system/u_ram/u_ram/gen_generic.u_impl_generic/ADDRARDADDR[14]) which is driven by a register (u_ibex_demo_system/u_top/u_ibex_core/cs_registers_i/u_mepc_csr/rdata_q_reg[16]) that has an active asychronous set or reset. This may cause corruption of the memory contents and/or read values when the set/reset is asserted and is not analyzed by the default static timing analysis. It is suggested to eliminate the use of a set/reset to registers driving this RAMB pin or else use a synchronous reset in which the assertion of the reset is timed by default.
Related violations: <none>

REQP-1839#8 Warning
RAMB36 async control check  
The RAMB36E1 u_ibex_demo_system/u_ram/u_ram/gen_generic.u_impl_generic/mem_reg_0_0_0 has an input control pin u_ibex_demo_system/u_ram/u_ram/gen_generic.u_impl_generic/mem_reg_0_0_0/ADDRARDADDR[14] (net: u_ibex_demo_system/u_ram/u_ram/gen_generic.u_impl_generic/ADDRARDADDR[14]) which is driven by a register (u_ibex_demo_system/u_top/u_ibex_core/cs_registers_i/u_mie_csr/rdata_q_reg[0]) that has an active asychronous set or reset. This may cause corruption of the memory contents and/or read values when the set/reset is asserted and is not analyzed by the default static timing analysis. It is suggested to eliminate the use of a set/reset to registers driving this RAMB pin or else use a synchronous reset in which the assertion of the reset is timed by default.
Related violations: <none>

REQP-1839#9 Warning
RAMB36 async control check  
The RAMB36E1 u_ibex_demo_system/u_ram/u_ram/gen_generic.u_impl_generic/mem_reg_0_0_0 has an input control pin u_ibex_demo_system/u_ram/u_ram/gen_generic.u_impl_generic/mem_reg_0_0_0/ADDRARDADDR[14] (net: u_ibex_demo_system/u_ram/u_ram/gen_generic.u_impl_generic/ADDRARDADDR[14]) which is driven by a register (u_ibex_demo_system/u_top/u_ibex_core/cs_registers_i/u_mie_csr/rdata_q_reg[16]) that has an active asychronous set or reset. This may cause corruption of the memory contents and/or read values when the set/reset is asserted and is not analyzed by the default static timing analysis. It is suggested to eliminate the use of a set/reset to registers driving this RAMB pin or else use a synchronous reset in which the assertion of the reset is timed by default.
Related violations: <none>

REQP-1839#10 Warning
RAMB36 async control check  
The RAMB36E1 u_ibex_demo_system/u_ram/u_ram/gen_generic.u_impl_generic/mem_reg_0_0_0 has an input control pin u_ibex_demo_system/u_ram/u_ram/gen_generic.u_impl_generic/mem_reg_0_0_0/ADDRARDADDR[14] (net: u_ibex_demo_system/u_ram/u_ram/gen_generic.u_impl_generic/ADDRARDADDR[14]) which is driven by a register (u_ibex_demo_system/u_top/u_ibex_core/cs_registers_i/u_mstatus_csr/rdata_q_reg[5]) that has an active asychronous set or reset. This may cause corruption of the memory contents and/or read values when the set/reset is asserted and is not analyzed by the default static timing analysis. It is suggested to eliminate the use of a set/reset to registers driving this RAMB pin or else use a synchronous reset in which the assertion of the reset is timed by default.
Related violations: <none>

REQP-1839#11 Warning
RAMB36 async control check  
The RAMB36E1 u_ibex_demo_system/u_ram/u_ram/gen_generic.u_impl_generic/mem_reg_0_0_0 has an input control pin u_ibex_demo_system/u_ram/u_ram/gen_generic.u_impl_generic/mem_reg_0_0_0/ADDRARDADDR[14] (net: u_ibex_demo_system/u_ram/u_ram/gen_generic.u_impl_generic/ADDRARDADDR[14]) which is driven by a register (u_ibex_demo_system/u_top/u_ibex_core/cs_registers_i/u_mtvec_csr/rdata_q_reg[16]) that has an active asychronous set or reset. This may cause corruption of the memory contents and/or read values when the set/reset is asserted and is not analyzed by the default static timing analysis. It is suggested to eliminate the use of a set/reset to registers driving this RAMB pin or else use a synchronous reset in which the assertion of the reset is timed by default.
Related violations: <none>

REQP-1839#12 Warning
RAMB36 async control check  
The RAMB36E1 u_ibex_demo_system/u_ram/u_ram/gen_generic.u_impl_generic/mem_reg_0_0_0 has an input control pin u_ibex_demo_system/u_ram/u_ram/gen_generic.u_impl_generic/mem_reg_0_0_0/ADDRARDADDR[14] (net: u_ibex_demo_system/u_ram/u_ram/gen_generic.u_impl_generic/ADDRARDADDR[14]) which is driven by a register (u_ibex_demo_system/u_top/u_ibex_core/ex_block_i/gen_multdiv_fast.multdiv_i/FSM_sequential_md_state_q_reg[0]) that has an active asychronous set or reset. This may cause corruption of the memory contents and/or read values when the set/reset is asserted and is not analyzed by the default static timing analysis. It is suggested to eliminate the use of a set/reset to registers driving this RAMB pin or else use a synchronous reset in which the assertion of the reset is timed by default.
Related violations: <none>

REQP-1839#13 Warning
RAMB36 async control check  
The RAMB36E1 u_ibex_demo_system/u_ram/u_ram/gen_generic.u_impl_generic/mem_reg_0_0_0 has an input control pin u_ibex_demo_system/u_ram/u_ram/gen_generic.u_impl_generic/mem_reg_0_0_0/ADDRARDADDR[14] (net: u_ibex_demo_system/u_ram/u_ram/gen_generic.u_impl_generic/ADDRARDADDR[14]) which is driven by a register (u_ibex_demo_system/u_top/u_ibex_core/ex_block_i/gen_multdiv_fast.multdiv_i/FSM_sequential_md_state_q_reg[1]) that has an active asychronous set or reset. This may cause corruption of the memory contents and/or read values when the set/reset is asserted and is not analyzed by the default static timing analysis. It is suggested to eliminate the use of a set/reset to registers driving this RAMB pin or else use a synchronous reset in which the assertion of the reset is timed by default.
Related violations: <none>

REQP-1839#14 Warning
RAMB36 async control check  
The RAMB36E1 u_ibex_demo_system/u_ram/u_ram/gen_generic.u_impl_generic/mem_reg_0_0_0 has an input control pin u_ibex_demo_system/u_ram/u_ram/gen_generic.u_impl_generic/mem_reg_0_0_0/ADDRARDADDR[14] (net: u_ibex_demo_system/u_ram/u_ram/gen_generic.u_impl_generic/ADDRARDADDR[14]) which is driven by a register (u_ibex_demo_system/u_top/u_ibex_core/ex_block_i/gen_multdiv_fast.multdiv_i/FSM_sequential_md_state_q_reg[2]) that has an active asychronous set or reset. This may cause corruption of the memory contents and/or read values when the set/reset is asserted and is not analyzed by the default static timing analysis. It is suggested to eliminate the use of a set/reset to registers driving this RAMB pin or else use a synchronous reset in which the assertion of the reset is timed by default.
Related violations: <none>

REQP-1839#15 Warning
RAMB36 async control check  
The RAMB36E1 u_ibex_demo_system/u_ram/u_ram/gen_generic.u_impl_generic/mem_reg_0_0_0 has an input control pin u_ibex_demo_system/u_ram/u_ram/gen_generic.u_impl_generic/mem_reg_0_0_0/ADDRARDADDR[14] (net: u_ibex_demo_system/u_ram/u_ram/gen_generic.u_impl_generic/ADDRARDADDR[14]) which is driven by a register (u_ibex_demo_system/u_top/u_ibex_core/id_stage_i/controller_i/ctrl_fsm_cs_reg[0]) that has an active asychronous set or reset. This may cause corruption of the memory contents and/or read values when the set/reset is asserted and is not analyzed by the default static timing analysis. It is suggested to eliminate the use of a set/reset to registers driving this RAMB pin or else use a synchronous reset in which the assertion of the reset is timed by default.
Related violations: <none>

REQP-1839#16 Warning
RAMB36 async control check  
The RAMB36E1 u_ibex_demo_system/u_ram/u_ram/gen_generic.u_impl_generic/mem_reg_0_0_0 has an input control pin u_ibex_demo_system/u_ram/u_ram/gen_generic.u_impl_generic/mem_reg_0_0_0/ADDRARDADDR[14] (net: u_ibex_demo_system/u_ram/u_ram/gen_generic.u_impl_generic/ADDRARDADDR[14]) which is driven by a register (u_ibex_demo_system/u_top/u_ibex_core/id_stage_i/controller_i/ctrl_fsm_cs_reg[1]) that has an active asychronous set or reset. This may cause corruption of the memory contents and/or read values when the set/reset is asserted and is not analyzed by the default static timing analysis. It is suggested to eliminate the use of a set/reset to registers driving this RAMB pin or else use a synchronous reset in which the assertion of the reset is timed by default.
Related violations: <none>

REQP-1839#17 Warning
RAMB36 async control check  
The RAMB36E1 u_ibex_demo_system/u_ram/u_ram/gen_generic.u_impl_generic/mem_reg_0_0_0 has an input control pin u_ibex_demo_system/u_ram/u_ram/gen_generic.u_impl_generic/mem_reg_0_0_0/ADDRARDADDR[14] (net: u_ibex_demo_system/u_ram/u_ram/gen_generic.u_impl_generic/ADDRARDADDR[14]) which is driven by a register (u_ibex_demo_system/u_top/u_ibex_core/id_stage_i/controller_i/ctrl_fsm_cs_reg[2]) that has an active asychronous set or reset. This may cause corruption of the memory contents and/or read values when the set/reset is asserted and is not analyzed by the default static timing analysis. It is suggested to eliminate the use of a set/reset to registers driving this RAMB pin or else use a synchronous reset in which the assertion of the reset is timed by default.
Related violations: <none>

REQP-1839#18 Warning
RAMB36 async control check  
The RAMB36E1 u_ibex_demo_system/u_ram/u_ram/gen_generic.u_impl_generic/mem_reg_0_0_0 has an input control pin u_ibex_demo_system/u_ram/u_ram/gen_generic.u_impl_generic/mem_reg_0_0_0/ADDRARDADDR[14] (net: u_ibex_demo_system/u_ram/u_ram/gen_generic.u_impl_generic/ADDRARDADDR[14]) which is driven by a register (u_ibex_demo_system/u_top/u_ibex_core/id_stage_i/controller_i/ctrl_fsm_cs_reg[3]) that has an active asychronous set or reset. This may cause corruption of the memory contents and/or read values when the set/reset is asserted and is not analyzed by the default static timing analysis. It is suggested to eliminate the use of a set/reset to registers driving this RAMB pin or else use a synchronous reset in which the assertion of the reset is timed by default.
Related violations: <none>

REQP-1839#19 Warning
RAMB36 async control check  
The RAMB36E1 u_ibex_demo_system/u_ram/u_ram/gen_generic.u_impl_generic/mem_reg_0_0_0 has an input control pin u_ibex_demo_system/u_ram/u_ram/gen_generic.u_impl_generic/mem_reg_0_0_0/ADDRARDADDR[14] (net: u_ibex_demo_system/u_ram/u_ram/gen_generic.u_impl_generic/ADDRARDADDR[14]) which is driven by a register (u_ibex_demo_system/u_top/u_ibex_core/id_stage_i/controller_i/debug_mode_q_reg) that has an active asychronous set or reset. This may cause corruption of the memory contents and/or read values when the set/reset is asserted and is not analyzed by the default static timing analysis. It is suggested to eliminate the use of a set/reset to registers driving this RAMB pin or else use a synchronous reset in which the assertion of the reset is timed by default.
Related violations: <none>

REQP-1839#20 Warning
RAMB36 async control check  
The RAMB36E1 u_ibex_demo_system/u_ram/u_ram/gen_generic.u_impl_generic/mem_reg_0_0_0 has an input control pin u_ibex_demo_system/u_ram/u_ram/gen_generic.u_impl_generic/mem_reg_0_0_0/ADDRARDADDR[14] (net: u_ibex_demo_system/u_ram/u_ram/gen_generic.u_impl_generic/ADDRARDADDR[14]) which is driven by a register (u_ibex_demo_system/u_top/u_ibex_core/id_stage_i/g_branch_set_flop.branch_set_raw_q_reg) that has an active asychronous set or reset. This may cause corruption of the memory contents and/or read values when the set/reset is asserted and is not analyzed by the default static timing analysis. It is suggested to eliminate the use of a set/reset to registers driving this RAMB pin or else use a synchronous reset in which the assertion of the reset is timed by default.
Related violations: <none>


